 Log file not found.
 Archive created: archives/logs_20260717_210140.zip
 Uploaded 'logs_20260717_210140.zip' to S3 bucket 'darnal-ec2-log-archive-2026'
 Local archive deleted.
 Log archival completed successfully.
 Log file not found.
 Log file not found.
 Log file not found.
 Log file not found.
 Log file not found.
 Log file not found.
 Log file not found.
 Log file not found.
 Log file not found.
 Log file not found.
 Log file not found.
 Log file not found.
 Log file not found.
 Log file not found.
 Log file not found.
 Log file not found.
 Log file not found.
 Log file not found.
 Log file not found.
 Log file not found.
 Log file not found.
 Log file not found.
 Log file not found.
 Log file not found.
 Log file not found.
 Log file not found.
Traceback (most recent call last):
  File "/home/darnal15/aws-projects-portfolio/aws-log-archiver/archive_logs.py", line 3, in <module>
    import boto3
ModuleNotFoundError: No module named 'boto3'
Traceback (most recent call last):
  File "/home/darnal15/aws-projects-portfolio/aws-log-archiver/archive_logs.py", line 3, in <module>
    import boto3
ModuleNotFoundError: No module named 'boto3'
 Log file not found.
 Archive created: archives/logs_20260717_231618.zip
 Uploaded 'logs_20260717_231618.zip' to S3 bucket 'darnal-ec2-log-archive-2026'
 Local archive deleted.
 Log archival completed successfully.
 Log file not found.
 Log file not found.
 Log file not found.
 Log file not found.
 Log file not found.
